---
source: crates/anymount-tui/src/widgets/mounts_list/mounts_list.rs
expression: terminal.backend()
---
" ┌────────────────────────────────────────────────────────────────────────────┐▲"
" │ ●  First               /mnt/first                       local              │█"
"┌┴───────────────────────────────────────────────────────────────────────────┬┤█"
"│ ○  Second              /mnt/second                      local              ││█"
"├────────────────────────────────────────────────────────────────────────────┤│█"
"│ ○  Third               /mnt/third                       local              ││█"
"├────────────────────────────────────────────────────────────────────────────┤│█"
"│ ○  Fourth              /mnt/fourth                      local              ││║"
"└────────────────────────────────────────────────────────────────────────────┘│▼"
"       j↑ select ↓k             ⇐ disconnect connect ⇒             info ↵       "
"                                                                                "
