---
source: crates/anymount-tui/src/widgets/mounts_list/mounts_list.rs
expression: terminal.backend()
---
"┌────────────────────────────────────────────────────────────────────────────┐│▲"
"│ ○  Second              /mnt/second                      local              ││║"
"├────────────────────────────────────────────────────────────────────────────┤│█"
"│ ○  Third               /mnt/third                       local              ││█"
"├────────────────────────────────────────────────────────────────────────────┤│█"
"│ ○  Fourth              /mnt/fourth                      local              ││█"
"└┬───────────────────────────────────────────────────────────────────────────┴┤█"
" │ +  Add                                                               [ ↵ ] │█"
" └────────────────────────────────────────────────────────────────────────────┘▼"
"       j↑ select ↓k             ⇐ disconnect connect ⇒             info ↵       "
"                                                                                "
