---
source: crates/anymount/src/tui/widgets/mounts_list/mount_row.rs
expression: terminal.backend()
---
"┌─────────────────────────────────────────────────────────────────────────────┐│"
"│ ○  test                 /test                            test    [ ⇒ ][ ↵ ] ││"
"└─────────────────────────────────────────────────────────────────────────────┘│"
