---
source: crates/anymount-tui/src/app.rs
expression: terminal.backend()
---
"┌─────────────────────────────────────────────────────────────────────────────┬┐"
"│ ○  Hello first          /tmp/mnt                         local              ││"
"└┬────────────────────────────────────────────────────────────────────────────┴┤"
" │ ●  Hello second         /tmp/mnt                         local              │"
" ├─────────────────────────────────────────────────────────────────────────────┤"
" │ ●  Third                /tmp/mnt                         local              │"
"┌┴────────────────────────────────────────────────────────────────────────────┬┤"
"│ ○  Hello first          /tmp/mnt                         local              ││"
"├─────────────────────────────────────────────────────────────────────────────┤│"
"│ ○  Hello first          /tmp/mnt                         local              ││"
"└┬────────────────────────────────────────────────────────────────────────────┴┤"
" │                                                                             │"
" └─────────────────────────────────────────────────────────────────────────────┘"
"       j↑ select ↓k             ⇐ disconnect connect ⇒             info ↵       "
"                                                                                "
"                                                                                "
"                                                                                "
"                                                                                "
"                                                                                "
"                                                                                "
